
Starting Electron test via Mobile Proxy: http://tr1.saglamproxy.net:8161
Navigating to http://dub.is/jojoguncel ...
[PROXY] Authenticating...

=== RESULTS ===
Redirected to Jojobet!
Time taken to reach destination: 1109 ms.
Current URL: https://www.jojobet1145.com/sports
HTTP Status: 200
===============

